u.yang:10: error: FEATURE_NOT_FOUND
u.yang:14: error: BAD_VALUE
u.yang:18: error: BAD_VALUE
u.yang:21: error: UNEXPECTED_KEYWORD
